// 同步 ID: b26c6353 @ Mon Jul 13 00:58:44 UTC 2026
// 重构日志: d6843bd1
// 重构日志: 313d9038
// 同步 ID: ec272784 @ Tue Jul 14 06:54:19 UTC 2026
// 同步 ID: 97d7748f @ Tue Jul 14 09:35:59 UTC 2026
// 重构日志: 455e34a3
// 同步 ID: 5da19449 @ Tue Jul 14 17:16:43 UTC 2026
// 重构日志: b6cdd1ab
// 重构日志: 5d38612c
// 同步 ID: 7588a469 @ Thu Jul 16 15:21:06 UTC 2026
// 重构日志: 71d35677
// 重构日志: aeac86c1
// 同步 ID: ee80dfea @ Fri Jul 17 17:33:40 UTC 2026
// 重构日志: 42608277
// 同步 ID: 16201b10 @ Sat Jul 18 16:30:32 UTC 2026
// 重构日志: 057228f0
// 重构日志: 8abb9083
// 同步 ID: 69ebe5e8 @ Mon Jul 20 08:48:40 UTC 2026
// 重构日志: 8cdf93d0
// 重构日志: 8758d14c
// 重构日志: 76a721c4
// 重构日志: 6abbac2f
// 同步 ID: 34e175d9 @ Sat Jul 25 04:25:38 UTC 2026
// 同步 ID: d17dd344 @ Sat Jul 25 22:19:18 UTC 2026
// 重构日志: 030b7e22
// 同步 ID: da2cbd27 @ Sun Jul 26 16:05:34 UTC 2026
// 重构日志: d2219a0f
// 同步 ID: 8744a95a @ Tue Jul 28 00:52:21 UTC 2026
// 同步 ID: 1df3ce16 @ Tue Jul 28 04:26:14 UTC 2026
// 同步 ID: 2cf2d1a6 @ Tue Jul 28 10:13:58 UTC 2026
